{"type": "stage", "stage": "assets_and_architecture", "time_utc": "2026-09-27T16:25:11.674316+00:00", "status": "running"}
{"type": "stage", "stage": "assets_and_architecture", "time_utc": "2026-09-27T16:25:11.683210+00:00", "status": "passed"}
{"type": "stage", "stage": "initialize_owned_cluster", "time_utc": "2026-09-27T16:25:11.683395+00:00", "status": "running"}
TRASC PRoot: SysV shared memory uses memfd
TRASC PRoot: SysV shared memory uses memfd
TRASC PRoot: SysV shared memory uses memfd
TRASC PRoot: SysV shared memory uses memfd
{"type": "log", "stage": "initialize_owned_cluster", "time_utc": "2026-09-27T16:25:13.768246+00:00", "label": "initdb", "message": "The files belonging to this database system will be owned by user \"coh\".\nThis user must also own the server process.\n\nThe database cluster will be initialized with locale \"C\".\nThe default text search configuration will be set to \"english\".\n\nData page checksums are enabled.\n\ncreating directory /state/diagnostic/init-pending-6fa786aabc7d4170 ... ok\ncreating subdirectories ... ok\nselecting dynamic shared memory implementation ... posix\nselecting default \"max_connections\" ... 100\nselecting default \"shared_buffers\" ... 128MB\nselecting default time zone ... UTC\ncreating configuration files ... ok\nrunning bootstrap script ... ok\nperforming post-bootstrap initialization ... ok\nsyncing data to disk ... ok\n\nSuccess. You can now start the database server using:\n\n    /opt/coh/pgsql/bin/pg_ctl -D /state/diagnostic/init-pending-6fa786aabc7d4170 -l logfile start\n\n"}
{"type": "log", "stage": "initialize_owned_cluster", "time_utc": "2026-09-27T16:25:13.823743+00:00", "label": "existing-cluster-status", "message": "pg_ctl: no server running\n"}
{"type": "stage", "stage": "initialize_owned_cluster", "time_utc": "2026-09-27T16:25:13.824104+00:00", "status": "passed"}
{"type": "stage", "stage": "postgres_first_start", "time_utc": "2026-09-27T16:25:13.824292+00:00", "status": "running"}
TRASC PRoot: SysV shared memory uses memfd
{"type": "log", "stage": "postgres_first_start", "time_utc": "2026-09-27T16:25:13.984158+00:00", "label": "sql-admin", "message": "127.0.0.1|53533|/state/diagnostic/pgdata|on|on|on\n"}
{"type": "log", "stage": "postgres_first_start", "time_utc": "2026-09-27T16:25:14.039097+00:00", "label": "sql-admin", "message": "PostgreSQL 18.6 on aarch64-unknown-linux-gnu, compiled by gcc (Debian 12.2.0-14+deb12u1) 12.2.0, 64-bit\n"}
{"type": "stage", "stage": "postgres_first_start", "time_utc": "2026-09-27T16:25:14.039257+00:00", "status": "passed"}
{"type": "stage", "stage": "restricted_fixture_database", "time_utc": "2026-09-27T16:25:14.039479+00:00", "status": "running"}
{"type": "log", "stage": "restricted_fixture_database", "time_utc": "2026-09-27T16:25:14.094351+00:00", "label": "sql-admin", "message": "0\n"}
{"type": "log", "stage": "restricted_fixture_database", "time_utc": "2026-09-27T16:25:14.149379+00:00", "label": "sql-admin", "message": "0\n"}
{"type": "log", "stage": "restricted_fixture_database", "time_utc": "2026-09-27T16:25:14.204481+00:00", "label": "sql-admin", "message": "CREATE ROLE\n"}
{"type": "log", "stage": "restricted_fixture_database", "time_utc": "2026-09-27T16:25:14.259462+00:00", "label": "sql-admin", "message": "1\n"}
{"type": "log", "stage": "restricted_fixture_database", "time_utc": "2026-09-27T16:25:14.515503+00:00", "label": "sql-admin", "message": "CREATE DATABASE\n"}
{"type": "log", "stage": "restricted_fixture_database", "time_utc": "2026-09-27T16:25:14.570568+00:00", "label": "sql-admin", "message": "REVOKE\n"}
{"type": "log", "stage": "restricted_fixture_database", "time_utc": "2026-09-27T16:25:14.625401+00:00", "label": "sql-admin", "message": "ALTER DATABASE\n"}
{"type": "log", "stage": "restricted_fixture_database", "time_utc": "2026-09-27T16:25:14.680253+00:00", "label": "sql-fixture", "message": "REVOKE\n"}
{"type": "log", "stage": "restricted_fixture_database", "time_utc": "2026-09-27T16:25:14.735474+00:00", "label": "sql-fixture", "message": "BEGIN\nCREATE SCHEMA\nCREATE SCHEMA\nCREATE TABLE\nCREATE FUNCTION\nCREATE FUNCTION\nREVOKE\nREVOKE\nINSERT 0 1\nCREATE FUNCTION\nREVOKE\nCREATE FUNCTION\nREVOKE\nINSERT 0 1\nCOMMIT\n"}
{"type": "log", "stage": "restricted_fixture_database", "time_utc": "2026-09-27T16:25:14.790764+00:00", "label": "sql-fixture", "message": "BEGIN\nNOTICE:  schema \"dbo\" already exists, skipping\nCREATE SCHEMA\nNOTICE:  schema \"coh_meta\" already exists, skipping\nCREATE SCHEMA\nNOTICE:  relation \"schema_version\" already exists, skipping\nCREATE TABLE\nCREATE FUNCTION\nCREATE FUNCTION\nREVOKE\nREVOKE\nINSERT 0 0\nCREATE FUNCTION\nREVOKE\nCREATE FUNCTION\nREVOKE\nINSERT 0 0\nCOMMIT\n"}
{"type": "log", "stage": "restricted_fixture_database", "time_utc": "2026-09-27T16:25:14.845851+00:00", "label": "sql-fixture", "message": "cohtest|2\n"}
{"type": "stage", "stage": "restricted_fixture_database", "time_utc": "2026-09-27T16:25:14.847599+00:00", "status": "passed"}
{"type": "stage", "stage": "wine_prefix_and_driver", "time_utc": "2026-09-27T16:25:14.847812+00:00", "status": "running"}
TRASC PRoot: SysV shared memory uses memfd
TRASC PRoot: SysV shared memory uses memfd
{"type": "stage", "stage": "wine_prefix_and_driver", "time_utc": "2026-09-27T16:26:39.989120+00:00", "status": "passed"}
{"type": "stage", "stage": "win32_runtime_dll", "time_utc": "2026-09-27T16:26:39.989356+00:00", "status": "running"}
{"type": "log", "stage": "win32_runtime_dll", "time_utc": "2026-09-27T16:26:48.333643+00:00", "label": "runtime-probe", "message": "COH_RUNTIME_PROBE_V1 PASS bits=32 dll=verified\r\n"}
{"type": "stage", "stage": "win32_runtime_dll", "time_utc": "2026-09-27T16:26:48.333935+00:00", "status": "passed"}
{"type": "stage", "stage": "odbc_fixture", "time_utc": "2026-09-27T16:26:48.334140+00:00", "status": "running"}
{"type": "log", "stage": "odbc_fixture", "time_utc": "2026-09-27T16:26:56.628337+00:00", "label": "odbc-fixture", "message": "ODBC failure line 53, rc -1\r\n"}
{"type": "log", "stage": "odbc_fixture", "time_utc": "2026-09-27T16:26:56.893017+00:00", "label": "sql-admin", "message": "DROP DATABASE\n"}
{"type": "log", "stage": "odbc_fixture", "time_utc": "2026-09-27T16:26:57.048038+00:00", "label": "postgres-graceful-stop", "message": "waiting for server to shut down.... done\nserver stopped\n"}
{"type": "log", "stage": "odbc_fixture", "time_utc": "2026-09-27T16:26:57.049538+00:00", "label": "postgres_first_start", "message": "2026-09-27 16:25:13.904 UTC [5920] LOG:  starting PostgreSQL 18.6 on aarch64-unknown-linux-gnu, compiled by gcc (Debian 12.2.0-14+deb12u1) 12.2.0, 64-bit\n2026-09-27 16:25:13.904 UTC [5920] LOG:  listening on IPv4 address \"127.0.0.1\", port 53533\n2026-09-27 16:25:13.906 UTC [5920] LOG:  listening on Unix socket \"/state/diagnostic/socket/.s.PGSQL.53533\"\n2026-09-27 16:25:13.912 UTC [5928] LOG:  database system was shut down at 2026-09-27 16:25:13 UTC\n2026-09-27 16:25:13.922 UTC [5920] LOG:  database system is ready to accept connections\n2026-09-27 16:26:56.759 UTC [5926] LOG:  checkpoint starting: immediate force wait\n2026-09-27 16:26:56.771 UTC [5926] LOG:  checkpoint complete: wrote 54 buffers (1.3%), wrote 3 SLRU buffers; 0 WAL file(s) added, 0 removed, 0 recycled; write=0.007 s, sync=0.002 s, total=0.012 s; sync files=23, longest=0.001 s, average=0.001 s; distance=4455 kB, estimate=4455 kB; lsn=0/1B49628, redo lsn=0/1B495D0\n2026-09-27 16:26:56.899 UTC [5920] LOG:  received fast shutdown request\n2026-09-27 16:26:56.900 UTC [5920] LOG:  aborting any active transactions\n2026-09-27 16:26:56.902 UTC [5920] LOG:  background worker \"logical replication launcher\" (PID 5931) exited with exit code 1\n2026-09-27 16:26:56.902 UTC [5926] LOG:  shutting down\n2026-09-27 16:26:56.903 UTC [5926] LOG:  checkpoint starting: shutdown immediate\n2026-09-27 16:26:56.907 UTC [5926] LOG:  checkpoint complete: wrote 0 buffers (0.0%), wrote 1 SLRU buffers; 0 WAL file(s) added, 0 removed, 0 recycled; write=0.001 s, sync=0.001 s, total=0.005 s; sync files=1, longest=0.001 s, average=0.001 s; distance=0 kB, estimate=4010 kB; lsn=0/1B49750, redo lsn=0/1B49750\n2026-09-27 16:26:56.915 UTC [5920] LOG:  database system is shut down\n"}
{"type": "log", "stage": "odbc_fixture", "time_utc": "2026-09-27T16:26:57.057276+00:00", "label": "private-headless-x", "message": "_XSERVTransmkdir: ERROR: euid != 0,directory /tmp/.X11-unix will not be created.\n\nXvnc TigerVNC 1.12.0 - built 2023-01-06 16:01\nCopyright (C) 1999-2021 TigerVNC Team and many others (see README.rst)\nSee https://www.tigervnc.org for information on TigerVNC.\nUnderlying X server release 12101006, X.Org\n\n\nSun Sep 27 16:25:14 2026\n vncext:      VNC extension running!\n vncext:      Listening for VNC connections on\n              /state/diagnostic/runtime/vnc.sock (mode 0600)\n vncext:      created VNC server for screen 0\n[mi] mieq: warning: overriding existing handler (nil) with 0x300015ad10 for event 2\n[mi] mieq: warning: overriding existing handler (nil) with 0x300015ad10 for event 3\n\nSun Sep 27 16:26:57 2026\n ComparingUpdateTracker: 0 pixels in / 0 pixels out\n ComparingUpdateTracker: (1:nan ratio)\n"}
{"type": "result", "stage": "odbc_fixture", "time_utc": "2026-09-27T16:26:57.059717+00:00", "status": "failed", "passed": false, "report": "/state/latest-report.json", "failures": ["odbc-fixture failed: ODBC failure line 53, rc -1\r\n"]}
