{"type": "stage", "stage": "assets_and_architecture", "time_utc": "2026-09-27T17:00:03.480114+00:00", "status": "running"}
{"type": "stage", "stage": "assets_and_architecture", "time_utc": "2026-09-27T17:00:03.488593+00:00", "status": "passed"}
{"type": "stage", "stage": "initialize_owned_cluster", "time_utc": "2026-09-27T17:00:03.488757+00:00", "status": "running"}
TRASC PRoot: SysV shared memory uses memfd
TRASC PRoot: SysV shared memory uses memfd
TRASC PRoot: SysV shared memory uses memfd
TRASC PRoot: SysV shared memory uses memfd
{"type": "log", "stage": "initialize_owned_cluster", "time_utc": "2026-09-27T17:00:05.506896+00:00", "label": "initdb", "message": "The files belonging to this database system will be owned by user \"coh\".\nThis user must also own the server process.\n\nThe database cluster will be initialized with locale \"C\".\nThe default text search configuration will be set to \"english\".\n\nData page checksums are enabled.\n\ncreating directory /state/diagnostic/init-pending-8188533095736da0 ... ok\ncreating subdirectories ... ok\nselecting dynamic shared memory implementation ... posix\nselecting default \"max_connections\" ... 100\nselecting default \"shared_buffers\" ... 128MB\nselecting default time zone ... UTC\ncreating configuration files ... ok\nrunning bootstrap script ... ok\nperforming post-bootstrap initialization ... ok\nsyncing data to disk ... ok\n\nSuccess. You can now start the database server using:\n\n    /opt/coh/pgsql/bin/pg_ctl -D /state/diagnostic/init-pending-8188533095736da0 -l logfile start\n\n"}
{"type": "log", "stage": "initialize_owned_cluster", "time_utc": "2026-09-27T17:00:05.562166+00:00", "label": "existing-cluster-status", "message": "pg_ctl: no server running\n"}
{"type": "stage", "stage": "initialize_owned_cluster", "time_utc": "2026-09-27T17:00:05.562542+00:00", "status": "passed"}
{"type": "stage", "stage": "postgres_first_start", "time_utc": "2026-09-27T17:00:05.562731+00:00", "status": "running"}
TRASC PRoot: SysV shared memory uses memfd
{"type": "log", "stage": "postgres_first_start", "time_utc": "2026-09-27T17:00:05.722784+00:00", "label": "sql-admin", "message": "127.0.0.1|50007|/state/diagnostic/pgdata|on|on|on\n"}
{"type": "log", "stage": "postgres_first_start", "time_utc": "2026-09-27T17:00:05.777941+00:00", "label": "sql-admin", "message": "PostgreSQL 18.6 on aarch64-unknown-linux-gnu, compiled by gcc (Debian 12.2.0-14+deb12u1) 12.2.0, 64-bit\n"}
{"type": "stage", "stage": "postgres_first_start", "time_utc": "2026-09-27T17:00:05.778099+00:00", "status": "passed"}
{"type": "stage", "stage": "restricted_fixture_database", "time_utc": "2026-09-27T17:00:05.778319+00:00", "status": "running"}
{"type": "log", "stage": "restricted_fixture_database", "time_utc": "2026-09-27T17:00:05.833242+00:00", "label": "sql-admin", "message": "0\n"}
{"type": "log", "stage": "restricted_fixture_database", "time_utc": "2026-09-27T17:00:05.888281+00:00", "label": "sql-admin", "message": "0\n"}
{"type": "log", "stage": "restricted_fixture_database", "time_utc": "2026-09-27T17:00:05.943539+00:00", "label": "sql-admin", "message": "CREATE ROLE\n"}
{"type": "log", "stage": "restricted_fixture_database", "time_utc": "2026-09-27T17:00:05.998679+00:00", "label": "sql-admin", "message": "1\n"}
{"type": "log", "stage": "restricted_fixture_database", "time_utc": "2026-09-27T17:00:06.254954+00:00", "label": "sql-admin", "message": "CREATE DATABASE\n"}
{"type": "log", "stage": "restricted_fixture_database", "time_utc": "2026-09-27T17:00:06.309876+00:00", "label": "sql-admin", "message": "REVOKE\n"}
{"type": "log", "stage": "restricted_fixture_database", "time_utc": "2026-09-27T17:00:06.364910+00:00", "label": "sql-admin", "message": "ALTER DATABASE\n"}
{"type": "log", "stage": "restricted_fixture_database", "time_utc": "2026-09-27T17:00:06.419893+00:00", "label": "sql-fixture", "message": "REVOKE\n"}
{"type": "log", "stage": "restricted_fixture_database", "time_utc": "2026-09-27T17:00:06.475239+00:00", "label": "sql-fixture", "message": "BEGIN\nCREATE SCHEMA\nCREATE SCHEMA\nCREATE TABLE\nCREATE FUNCTION\nCREATE FUNCTION\nREVOKE\nREVOKE\nINSERT 0 1\nCREATE FUNCTION\nREVOKE\nCREATE FUNCTION\nREVOKE\nINSERT 0 1\nCOMMIT\n"}
{"type": "log", "stage": "restricted_fixture_database", "time_utc": "2026-09-27T17:00:06.530655+00:00", "label": "sql-fixture", "message": "BEGIN\nNOTICE:  schema \"dbo\" already exists, skipping\nCREATE SCHEMA\nNOTICE:  schema \"coh_meta\" already exists, skipping\nCREATE SCHEMA\nNOTICE:  relation \"schema_version\" already exists, skipping\nCREATE TABLE\nCREATE FUNCTION\nCREATE FUNCTION\nREVOKE\nREVOKE\nINSERT 0 0\nCREATE FUNCTION\nREVOKE\nCREATE FUNCTION\nREVOKE\nINSERT 0 0\nCOMMIT\n"}
{"type": "log", "stage": "restricted_fixture_database", "time_utc": "2026-09-27T17:00:06.585632+00:00", "label": "sql-fixture", "message": "cohtest|2\n"}
{"type": "stage", "stage": "restricted_fixture_database", "time_utc": "2026-09-27T17:00:06.585777+00:00", "status": "passed"}
{"type": "stage", "stage": "wine_prefix_and_driver", "time_utc": "2026-09-27T17:00:06.585979+00:00", "status": "running"}
TRASC PRoot: SysV shared memory uses memfd
TRASC PRoot: SysV shared memory uses memfd
{"type": "stage", "stage": "wine_prefix_and_driver", "time_utc": "2026-09-27T17:01:31.883528+00:00", "status": "passed"}
{"type": "stage", "stage": "win32_odbc_driver", "time_utc": "2026-09-27T17:01:31.883772+00:00", "status": "running"}
{"type": "log", "stage": "win32_odbc_driver", "time_utc": "2026-09-27T17:01:40.230003+00:00", "label": "odbc-driver-preflight", "message": "COH_ODBC_DRIVER_V1 REG name=PostgreSQL Unicode view=32 key_error=0 driver_error=0 type=1 path=C:\\Program Files (x86)\\psqlODBC\\1800\\bin\\podbc35w.dll\r\nCOH_ODBC_DRIVER_V1 REG name=PostgreSQL Unicode(x86) view=32 key_error=0 driver_error=0 type=1 path=C:\\Program Files (x86)\\psqlODBC\\1800\\bin\\podbc35w.dll\r\nCOH_ODBC_DRIVER_V1 NAME PostgreSQL Unicode\r\nCOH_ODBC_DRIVER_V1 DLL C:\\Program Files (x86)\\psqlODBC\\1800\\bin\\podbc35w.dll\r\nCOH_ODBC_DRIVER_V1 PASS bits=32\r\n"}
{"type": "stage", "stage": "win32_odbc_driver", "time_utc": "2026-09-27T17:01:40.233157+00:00", "status": "passed"}
{"type": "stage", "stage": "win32_runtime_dll", "time_utc": "2026-09-27T17:01:40.233353+00:00", "status": "running"}
{"type": "log", "stage": "win32_runtime_dll", "time_utc": "2026-09-27T17:01:48.630285+00:00", "label": "runtime-probe", "message": "COH_RUNTIME_PROBE_V1 PASS bits=32 dll=verified\r\n"}
{"type": "stage", "stage": "win32_runtime_dll", "time_utc": "2026-09-27T17:01:48.630588+00:00", "status": "passed"}
{"type": "stage", "stage": "odbc_fixture", "time_utc": "2026-09-27T17:01:48.630796+00:00", "status": "running"}
{"type": "log", "stage": "odbc_fixture", "time_utc": "2026-09-27T17:04:48.726751+00:00", "label": "odbc-failure-activity", "message": "{\"session_count\" : 1, \"groups\" : [{\"backend_type\":\"client backend\",\"state\":\"idle\",\"wait_event_type\":\"Client\",\"wait_event\":\"ClientRead\",\"operation\":\"fixture_read\",\"sessions\":1,\"max_query_age_seconds\":176,\"max_transaction_age_seconds\":null}]}\n"}
{"type": "log", "stage": "odbc_fixture", "time_utc": "2026-09-27T17:04:49.934846+00:00", "label": "odbc-fixture", "message": "CALL:231\r\nCALL:232\r\nCALL:57\r\nCALL:58\r\nCALL:38\r\nCALL:51\r\nCALL:52\r\nCALL:53\r\nCALL:40\r\nCALL:38\r\nCALL:51\r\nCALL:52\r\nCALL:53\r\nCALL:40\r\nCALL:234\r\n"}
{"type": "log", "stage": "odbc_fixture", "time_utc": "2026-09-27T17:04:50.200214+00:00", "label": "sql-admin", "message": "DROP DATABASE\n"}
{"type": "log", "stage": "odbc_fixture", "time_utc": "2026-09-27T17:04:50.355391+00:00", "label": "postgres-graceful-stop", "message": "waiting for server to shut down.... done\nserver stopped\n"}
{"type": "log", "stage": "odbc_fixture", "time_utc": "2026-09-27T17:04:50.356951+00:00", "label": "postgres_first_start", "message": "2026-09-27 17:00:05.642 UTC [5910] LOG:  starting PostgreSQL 18.6 on aarch64-unknown-linux-gnu, compiled by gcc (Debian 12.2.0-14+deb12u1) 12.2.0, 64-bit\n2026-09-27 17:00:05.642 UTC [5910] LOG:  listening on IPv4 address \"127.0.0.1\", port 50007\n2026-09-27 17:00:05.644 UTC [5910] LOG:  listening on Unix socket \"/state/diagnostic/socket/.s.PGSQL.50007\"\n2026-09-27 17:00:05.650 UTC [5918] LOG:  database system was shut down at 2026-09-27 17:00:05 UTC\n2026-09-27 17:00:05.660 UTC [5910] LOG:  database system is ready to accept connections\n2026-09-27 17:04:50.114 UTC [5916] LOG:  checkpoint starting: immediate force wait\n2026-09-27 17:04:50.125 UTC [5916] LOG:  checkpoint complete: wrote 56 buffers (1.4%), wrote 3 SLRU buffers; 0 WAL file(s) added, 0 removed, 0 recycled; write=0.006 s, sync=0.003 s, total=0.011 s; sync files=23, longest=0.001 s, average=0.001 s; distance=4469 kB, estimate=4469 kB; lsn=0/1B4CD70, redo lsn=0/1B4CD18\n2026-09-27 17:04:50.206 UTC [5910] LOG:  received fast shutdown request\n2026-09-27 17:04:50.207 UTC [5910] LOG:  aborting any active transactions\n2026-09-27 17:04:50.208 UTC [5910] LOG:  background worker \"logical replication launcher\" (PID 5921) exited with exit code 1\n2026-09-27 17:04:50.209 UTC [5916] LOG:  shutting down\n2026-09-27 17:04:50.209 UTC [5916] LOG:  checkpoint starting: shutdown immediate\n2026-09-27 17:04:50.213 UTC [5916] LOG:  checkpoint complete: wrote 0 buffers (0.0%), wrote 1 SLRU buffers; 0 WAL file(s) added, 0 removed, 0 recycled; write=0.001 s, sync=0.001 s, total=0.005 s; sync files=1, longest=0.001 s, average=0.001 s; distance=0 kB, estimate=4022 kB; lsn=0/1B4CED0, redo lsn=0/1B4CED0\n2026-09-27 17:04:50.221 UTC [5910] LOG:  database system is shut down\n"}
{"type": "log", "stage": "odbc_fixture", "time_utc": "2026-09-27T17:04:50.364654+00:00", "label": "private-headless-x", "message": "_XSERVTransmkdir: ERROR: euid != 0,directory /tmp/.X11-unix will not be created.\n\nXvnc TigerVNC 1.12.0 - built 2023-01-06 16:01\nCopyright (C) 1999-2021 TigerVNC Team and many others (see README.rst)\nSee https://www.tigervnc.org for information on TigerVNC.\nUnderlying X server release 12101006, X.Org\n\n\nSun Sep 27 17:00:06 2026\n vncext:      VNC extension running!\n vncext:      Listening for VNC connections on\n              /state/diagnostic/runtime/vnc.sock (mode 0600)\n vncext:      created VNC server for screen 0\n[mi] mieq: warning: overriding existing handler (nil) with 0x300015ad10 for event 2\n[mi] mieq: warning: overriding existing handler (nil) with 0x300015ad10 for event 3\n\nSun Sep 27 17:04:50 2026\n ComparingUpdateTracker: 0 pixels in / 0 pixels out\n ComparingUpdateTracker: (1:nan ratio)\n"}
{"type": "result", "stage": "odbc_fixture", "time_utc": "2026-09-27T17:04:50.367107+00:00", "status": "failed", "passed": false, "report": "/state/latest-report.json", "failures": ["odbc-fixture timed out"]}
