{"type": "stage", "stage": "assets_and_architecture", "time_utc": "2026-09-27T16:09:46.560002+00:00", "status": "running"}
{"type": "stage", "stage": "assets_and_architecture", "time_utc": "2026-09-27T16:09:46.568675+00:00", "status": "passed"}
{"type": "stage", "stage": "initialize_owned_cluster", "time_utc": "2026-09-27T16:09:46.568840+00:00", "status": "running"}
TRASC PRoot: SysV shared memory uses memfd
TRASC PRoot: SysV shared memory uses memfd
TRASC PRoot: SysV shared memory uses memfd
TRASC PRoot: SysV shared memory uses memfd
{"type": "log", "stage": "initialize_owned_cluster", "time_utc": "2026-09-27T16:09:48.686235+00:00", "label": "initdb", "message": "The files belonging to this database system will be owned by user \"coh\".\nThis user must also own the server process.\n\nThe database cluster will be initialized with locale \"C\".\nThe default text search configuration will be set to \"english\".\n\nData page checksums are enabled.\n\ncreating directory /state/diagnostic/init-pending-19a5989d811cbaee ... ok\ncreating subdirectories ... ok\nselecting dynamic shared memory implementation ... posix\nselecting default \"max_connections\" ... 100\nselecting default \"shared_buffers\" ... 128MB\nselecting default time zone ... UTC\ncreating configuration files ... ok\nrunning bootstrap script ... ok\nperforming post-bootstrap initialization ... ok\nsyncing data to disk ... ok\n\nSuccess. You can now start the database server using:\n\n    /opt/coh/pgsql/bin/pg_ctl -D /state/diagnostic/init-pending-19a5989d811cbaee -l logfile start\n\n"}
{"type": "log", "stage": "initialize_owned_cluster", "time_utc": "2026-09-27T16:09:48.741559+00:00", "label": "existing-cluster-status", "message": "pg_ctl: no server running\n"}
{"type": "stage", "stage": "initialize_owned_cluster", "time_utc": "2026-09-27T16:09:48.741914+00:00", "status": "passed"}
{"type": "stage", "stage": "postgres_first_start", "time_utc": "2026-09-27T16:09:48.742089+00:00", "status": "running"}
TRASC PRoot: SysV shared memory uses memfd
{"type": "log", "stage": "postgres_first_start", "time_utc": "2026-09-27T16:09:48.901747+00:00", "label": "sql-admin", "message": "127.0.0.1|47219|/state/diagnostic/pgdata|on|on|on\n"}
{"type": "log", "stage": "postgres_first_start", "time_utc": "2026-09-27T16:09:48.956523+00:00", "label": "sql-admin", "message": "PostgreSQL 18.6 on aarch64-unknown-linux-gnu, compiled by gcc (Debian 12.2.0-14+deb12u1) 12.2.0, 64-bit\n"}
{"type": "stage", "stage": "postgres_first_start", "time_utc": "2026-09-27T16:09:48.956694+00:00", "status": "passed"}
{"type": "stage", "stage": "restricted_fixture_database", "time_utc": "2026-09-27T16:09:48.956888+00:00", "status": "running"}
{"type": "log", "stage": "restricted_fixture_database", "time_utc": "2026-09-27T16:09:49.011526+00:00", "label": "sql-admin", "message": "0\n"}
{"type": "log", "stage": "restricted_fixture_database", "time_utc": "2026-09-27T16:09:49.066387+00:00", "label": "sql-admin", "message": "0\n"}
{"type": "log", "stage": "restricted_fixture_database", "time_utc": "2026-09-27T16:09:49.121562+00:00", "label": "sql-admin", "message": "CREATE ROLE\n"}
{"type": "log", "stage": "restricted_fixture_database", "time_utc": "2026-09-27T16:09:49.176540+00:00", "label": "sql-admin", "message": "1\n"}
{"type": "log", "stage": "restricted_fixture_database", "time_utc": "2026-09-27T16:09:49.432535+00:00", "label": "sql-admin", "message": "CREATE DATABASE\n"}
{"type": "log", "stage": "restricted_fixture_database", "time_utc": "2026-09-27T16:09:49.487511+00:00", "label": "sql-admin", "message": "REVOKE\n"}
{"type": "log", "stage": "restricted_fixture_database", "time_utc": "2026-09-27T16:09:49.542311+00:00", "label": "sql-admin", "message": "ALTER DATABASE\n"}
{"type": "log", "stage": "restricted_fixture_database", "time_utc": "2026-09-27T16:09:49.597232+00:00", "label": "sql-fixture", "message": "REVOKE\n"}
{"type": "log", "stage": "restricted_fixture_database", "time_utc": "2026-09-27T16:09:49.652561+00:00", "label": "sql-fixture", "message": "BEGIN\nCREATE SCHEMA\nCREATE SCHEMA\nCREATE TABLE\nCREATE FUNCTION\nCREATE FUNCTION\nREVOKE\nREVOKE\nINSERT 0 1\nCREATE FUNCTION\nREVOKE\nCREATE FUNCTION\nREVOKE\nINSERT 0 1\nCOMMIT\n"}
{"type": "log", "stage": "restricted_fixture_database", "time_utc": "2026-09-27T16:09:49.707716+00:00", "label": "sql-fixture", "message": "BEGIN\nNOTICE:  schema \"dbo\" already exists, skipping\nCREATE SCHEMA\nNOTICE:  schema \"coh_meta\" already exists, skipping\nCREATE SCHEMA\nNOTICE:  relation \"schema_version\" already exists, skipping\nCREATE TABLE\nCREATE FUNCTION\nCREATE FUNCTION\nREVOKE\nREVOKE\nINSERT 0 0\nCREATE FUNCTION\nREVOKE\nCREATE FUNCTION\nREVOKE\nINSERT 0 0\nCOMMIT\n"}
{"type": "log", "stage": "restricted_fixture_database", "time_utc": "2026-09-27T16:09:49.762453+00:00", "label": "sql-fixture", "message": "cohtest|2\n"}
{"type": "stage", "stage": "restricted_fixture_database", "time_utc": "2026-09-27T16:09:49.763996+00:00", "status": "passed"}
{"type": "stage", "stage": "wine_prefix_and_driver", "time_utc": "2026-09-27T16:09:49.764174+00:00", "status": "running"}
TRASC PRoot: SysV shared memory uses memfd
TRASC PRoot: SysV shared memory uses memfd
{"type": "stage", "stage": "wine_prefix_and_driver", "time_utc": "2026-09-27T16:11:15.291992+00:00", "status": "passed"}
{"type": "stage", "stage": "win32_runtime_dll", "time_utc": "2026-09-27T16:11:15.292240+00:00", "status": "running"}
{"type": "log", "stage": "win32_runtime_dll", "time_utc": "2026-09-27T16:11:23.635017+00:00", "label": "runtime-probe", "message": "COH_RUNTIME_PROBE_V1 PASS bits=32 dll=verified\r\n"}
{"type": "stage", "stage": "win32_runtime_dll", "time_utc": "2026-09-27T16:11:23.635318+00:00", "status": "passed"}
{"type": "stage", "stage": "odbc_fixture", "time_utc": "2026-09-27T16:11:23.635527+00:00", "status": "running"}
{"type": "log", "stage": "odbc_fixture", "time_utc": "2026-09-27T16:11:31.986935+00:00", "label": "odbc-fixture", "message": "wine: Call from 000000007B9C24E9 to unimplemented function odbc32.dll.SQLDriverConnectA, aborting\nwine: Call from 7B9C24E9 to unimplemented function odbc32.dll.SQLDriverConnectA, aborting\nwine: Unimplemented function odbc32.dll.SQLDriverConnectA called at address 7B9C24E9 (thread 0024), starting debugger...\n"}
{"type": "log", "stage": "odbc_fixture", "time_utc": "2026-09-27T16:11:32.146375+00:00", "label": "sql-admin", "message": "DROP DATABASE\n"}
{"type": "log", "stage": "odbc_fixture", "time_utc": "2026-09-27T16:11:32.301457+00:00", "label": "postgres-graceful-stop", "message": "waiting for server to shut down.... done\nserver stopped\n"}
{"type": "log", "stage": "odbc_fixture", "time_utc": "2026-09-27T16:11:32.303001+00:00", "label": "postgres_first_start", "message": "2026-09-27 16:09:48.825 UTC [5935] LOG:  starting PostgreSQL 18.6 on aarch64-unknown-linux-gnu, compiled by gcc (Debian 12.2.0-14+deb12u1) 12.2.0, 64-bit\n2026-09-27 16:09:48.826 UTC [5935] LOG:  listening on IPv4 address \"127.0.0.1\", port 47219\n2026-09-27 16:09:48.827 UTC [5935] LOG:  listening on Unix socket \"/state/diagnostic/socket/.s.PGSQL.47219\"\n2026-09-27 16:09:48.833 UTC [5943] LOG:  database system was shut down at 2026-09-27 16:09:48 UTC\n2026-09-27 16:09:48.842 UTC [5935] LOG:  database system is ready to accept connections\n2026-09-27 16:11:32.063 UTC [5941] LOG:  checkpoint starting: immediate force wait\n2026-09-27 16:11:32.074 UTC [5941] LOG:  checkpoint complete: wrote 54 buffers (1.3%), wrote 3 SLRU buffers; 0 WAL file(s) added, 0 removed, 0 recycled; write=0.006 s, sync=0.002 s, total=0.011 s; sync files=23, longest=0.001 s, average=0.001 s; distance=4455 kB, estimate=4455 kB; lsn=0/1B49628, redo lsn=0/1B495D0\n2026-09-27 16:11:32.153 UTC [5935] LOG:  received fast shutdown request\n2026-09-27 16:11:32.153 UTC [5935] LOG:  aborting any active transactions\n2026-09-27 16:11:32.155 UTC [5935] LOG:  background worker \"logical replication launcher\" (PID 5946) exited with exit code 1\n2026-09-27 16:11:32.155 UTC [5941] LOG:  shutting down\n2026-09-27 16:11:32.155 UTC [5941] LOG:  checkpoint starting: shutdown immediate\n2026-09-27 16:11:32.159 UTC [5941] LOG:  checkpoint complete: wrote 0 buffers (0.0%), wrote 1 SLRU buffers; 0 WAL file(s) added, 0 removed, 0 recycled; write=0.001 s, sync=0.001 s, total=0.004 s; sync files=1, longest=0.001 s, average=0.001 s; distance=0 kB, estimate=4010 kB; lsn=0/1B49750, redo lsn=0/1B49750\n2026-09-27 16:11:32.167 UTC [5935] LOG:  database system is shut down\n"}
{"type": "log", "stage": "odbc_fixture", "time_utc": "2026-09-27T16:11:32.310746+00:00", "label": "private-headless-x", "message": "_XSERVTransmkdir: ERROR: euid != 0,directory /tmp/.X11-unix will not be created.\n\nXvnc TigerVNC 1.12.0 - built 2023-01-06 16:01\nCopyright (C) 1999-2021 TigerVNC Team and many others (see README.rst)\nSee https://www.tigervnc.org for information on TigerVNC.\nUnderlying X server release 12101006, X.Org\n\n\nSun Sep 27 16:09:49 2026\n vncext:      VNC extension running!\n vncext:      Listening for VNC connections on\n              /state/diagnostic/runtime/vnc.sock (mode 0600)\n vncext:      created VNC server for screen 0\n[mi] mieq: warning: overriding existing handler (nil) with 0x300015ad10 for event 2\n[mi] mieq: warning: overriding existing handler (nil) with 0x300015ad10 for event 3\n\nSun Sep 27 16:11:32 2026\n ComparingUpdateTracker: 0 pixels in / 0 pixels out\n ComparingUpdateTracker: (1:nan ratio)\n"}
{"type": "result", "stage": "odbc_fixture", "time_utc": "2026-09-27T16:11:32.312957+00:00", "status": "failed", "passed": false, "report": "/state/latest-report.json", "failures": ["odbc-fixture failed: wine: Call from 000000007B9C24E9 to unimplemented function odbc32.dll.SQLDriverConnectA, aborting\nwine: Call from 7B9C24E9 to unimplemented function odbc32.dll.SQLDriverConnectA, aborting\nwine: Unimplemented function odbc32.dll.SQLDriverConnectA called at address 7B9C24E9 (thread 0024), starting debugger...\n", "Wine cleanup: owned-wine-stop failed: "]}
