{"type": "stage", "stage": "assets_and_architecture", "time_utc": "2026-09-27T16:44:58.584114+00:00", "status": "running"}
{"type": "stage", "stage": "assets_and_architecture", "time_utc": "2026-09-27T16:44:58.592651+00:00", "status": "passed"}
{"type": "stage", "stage": "initialize_owned_cluster", "time_utc": "2026-09-27T16:44:58.592817+00:00", "status": "running"}
TRASC PRoot: SysV shared memory uses memfd
TRASC PRoot: SysV shared memory uses memfd
TRASC PRoot: SysV shared memory uses memfd
TRASC PRoot: SysV shared memory uses memfd
{"type": "log", "stage": "initialize_owned_cluster", "time_utc": "2026-09-27T16:45:03.477827+00:00", "label": "initdb", "message": "The files belonging to this database system will be owned by user \"coh\".\nThis user must also own the server process.\n\nThe database cluster will be initialized with locale \"C\".\nThe default text search configuration will be set to \"english\".\n\nData page checksums are enabled.\n\ncreating directory /state/diagnostic/init-pending-dd70035447fe35b4 ... ok\ncreating subdirectories ... ok\nselecting dynamic shared memory implementation ... posix\nselecting default \"max_connections\" ... 100\nselecting default \"shared_buffers\" ... 128MB\nselecting default time zone ... UTC\ncreating configuration files ... ok\nrunning bootstrap script ... ok\nperforming post-bootstrap initialization ... ok\nsyncing data to disk ... ok\n\nSuccess. You can now start the database server using:\n\n    /opt/coh/pgsql/bin/pg_ctl -D /state/diagnostic/init-pending-dd70035447fe35b4 -l logfile start\n\n"}
{"type": "log", "stage": "initialize_owned_cluster", "time_utc": "2026-09-27T16:45:03.533473+00:00", "label": "existing-cluster-status", "message": "pg_ctl: no server running\n"}
{"type": "stage", "stage": "initialize_owned_cluster", "time_utc": "2026-09-27T16:45:03.533839+00:00", "status": "passed"}
{"type": "stage", "stage": "postgres_first_start", "time_utc": "2026-09-27T16:45:03.534026+00:00", "status": "running"}
TRASC PRoot: SysV shared memory uses memfd
{"type": "log", "stage": "postgres_first_start", "time_utc": "2026-09-27T16:45:03.694134+00:00", "label": "sql-admin", "message": "127.0.0.1|50943|/state/diagnostic/pgdata|on|on|on\n"}
{"type": "log", "stage": "postgres_first_start", "time_utc": "2026-09-27T16:45:03.749245+00:00", "label": "sql-admin", "message": "PostgreSQL 18.6 on aarch64-unknown-linux-gnu, compiled by gcc (Debian 12.2.0-14+deb12u1) 12.2.0, 64-bit\n"}
{"type": "stage", "stage": "postgres_first_start", "time_utc": "2026-09-27T16:45:03.749401+00:00", "status": "passed"}
{"type": "stage", "stage": "restricted_fixture_database", "time_utc": "2026-09-27T16:45:03.749597+00:00", "status": "running"}
{"type": "log", "stage": "restricted_fixture_database", "time_utc": "2026-09-27T16:45:03.804358+00:00", "label": "sql-admin", "message": "0\n"}
{"type": "log", "stage": "restricted_fixture_database", "time_utc": "2026-09-27T16:45:03.859287+00:00", "label": "sql-admin", "message": "0\n"}
{"type": "log", "stage": "restricted_fixture_database", "time_utc": "2026-09-27T16:45:03.914574+00:00", "label": "sql-admin", "message": "CREATE ROLE\n"}
{"type": "log", "stage": "restricted_fixture_database", "time_utc": "2026-09-27T16:45:03.969550+00:00", "label": "sql-admin", "message": "1\n"}
{"type": "log", "stage": "restricted_fixture_database", "time_utc": "2026-09-27T16:45:04.225588+00:00", "label": "sql-admin", "message": "CREATE DATABASE\n"}
{"type": "log", "stage": "restricted_fixture_database", "time_utc": "2026-09-27T16:45:04.280455+00:00", "label": "sql-admin", "message": "REVOKE\n"}
{"type": "log", "stage": "restricted_fixture_database", "time_utc": "2026-09-27T16:45:04.335264+00:00", "label": "sql-admin", "message": "ALTER DATABASE\n"}
{"type": "log", "stage": "restricted_fixture_database", "time_utc": "2026-09-27T16:45:04.390119+00:00", "label": "sql-fixture", "message": "REVOKE\n"}
{"type": "log", "stage": "restricted_fixture_database", "time_utc": "2026-09-27T16:45:04.445511+00:00", "label": "sql-fixture", "message": "BEGIN\nCREATE SCHEMA\nCREATE SCHEMA\nCREATE TABLE\nCREATE FUNCTION\nCREATE FUNCTION\nREVOKE\nREVOKE\nINSERT 0 1\nCREATE FUNCTION\nREVOKE\nCREATE FUNCTION\nREVOKE\nINSERT 0 1\nCOMMIT\n"}
{"type": "log", "stage": "restricted_fixture_database", "time_utc": "2026-09-27T16:45:04.500904+00:00", "label": "sql-fixture", "message": "BEGIN\nNOTICE:  schema \"dbo\" already exists, skipping\nCREATE SCHEMA\nNOTICE:  schema \"coh_meta\" already exists, skipping\nCREATE SCHEMA\nNOTICE:  relation \"schema_version\" already exists, skipping\nCREATE TABLE\nCREATE FUNCTION\nCREATE FUNCTION\nREVOKE\nREVOKE\nINSERT 0 0\nCREATE FUNCTION\nREVOKE\nCREATE FUNCTION\nREVOKE\nINSERT 0 0\nCOMMIT\n"}
{"type": "log", "stage": "restricted_fixture_database", "time_utc": "2026-09-27T16:45:04.556011+00:00", "label": "sql-fixture", "message": "cohtest|2\n"}
{"type": "stage", "stage": "restricted_fixture_database", "time_utc": "2026-09-27T16:45:04.556167+00:00", "status": "passed"}
{"type": "stage", "stage": "wine_prefix_and_driver", "time_utc": "2026-09-27T16:45:04.556381+00:00", "status": "running"}
TRASC PRoot: SysV shared memory uses memfd
TRASC PRoot: SysV shared memory uses memfd
{"type": "stage", "stage": "wine_prefix_and_driver", "time_utc": "2026-09-27T16:46:28.749430+00:00", "status": "passed"}
{"type": "stage", "stage": "win32_odbc_driver", "time_utc": "2026-09-27T16:46:28.749691+00:00", "status": "running"}
{"type": "log", "stage": "win32_odbc_driver", "time_utc": "2026-09-27T16:46:37.092708+00:00", "label": "odbc-driver-preflight", "message": "COH_ODBC_DRIVER_V1 REG name=PostgreSQL Unicode view=32 key_error=0 driver_error=0 type=1 path=C:\\Program Files (x86)\\psqlODBC\\1800\\bin\\podbc35w.dll\r\nCOH_ODBC_DRIVER_V1 REG name=PostgreSQL Unicode(x86) view=32 key_error=0 driver_error=0 type=1 path=C:\\Program Files (x86)\\psqlODBC\\1800\\bin\\podbc35w.dll\r\nCOH_ODBC_DRIVER_V1 NAME PostgreSQL Unicode\r\nCOH_ODBC_DRIVER_V1 DLL C:\\Program Files (x86)\\psqlODBC\\1800\\bin\\podbc35w.dll\r\nCOH_ODBC_DRIVER_V1 PASS bits=32\r\n"}
{"type": "stage", "stage": "win32_odbc_driver", "time_utc": "2026-09-27T16:46:37.095248+00:00", "status": "passed"}
{"type": "stage", "stage": "win32_runtime_dll", "time_utc": "2026-09-27T16:46:37.095427+00:00", "status": "running"}
{"type": "log", "stage": "win32_runtime_dll", "time_utc": "2026-09-27T16:46:45.443206+00:00", "label": "runtime-probe", "message": "COH_RUNTIME_PROBE_V1 PASS bits=32 dll=verified\r\n"}
{"type": "stage", "stage": "win32_runtime_dll", "time_utc": "2026-09-27T16:46:45.443511+00:00", "status": "passed"}
{"type": "stage", "stage": "odbc_fixture", "time_utc": "2026-09-27T16:46:45.443732+00:00", "status": "running"}
{"type": "log", "stage": "odbc_fixture", "time_utc": "2026-09-27T16:49:46.967739+00:00", "label": "sql-admin", "message": "DROP DATABASE\n"}
{"type": "log", "stage": "odbc_fixture", "time_utc": "2026-09-27T16:49:47.122836+00:00", "label": "postgres-graceful-stop", "message": "waiting for server to shut down.... done\nserver stopped\n"}
{"type": "log", "stage": "odbc_fixture", "time_utc": "2026-09-27T16:49:47.124454+00:00", "label": "postgres_first_start", "message": "2026-09-27 16:45:03.616 UTC [5947] LOG:  starting PostgreSQL 18.6 on aarch64-unknown-linux-gnu, compiled by gcc (Debian 12.2.0-14+deb12u1) 12.2.0, 64-bit\n2026-09-27 16:45:03.616 UTC [5947] LOG:  listening on IPv4 address \"127.0.0.1\", port 50943\n2026-09-27 16:45:03.618 UTC [5947] LOG:  listening on Unix socket \"/state/diagnostic/socket/.s.PGSQL.50943\"\n2026-09-27 16:45:03.624 UTC [5955] LOG:  database system was shut down at 2026-09-27 16:45:00 UTC\n2026-09-27 16:45:03.634 UTC [5947] LOG:  database system is ready to accept connections\n2026-09-27 16:49:46.882 UTC [5953] LOG:  checkpoint starting: immediate force wait\n2026-09-27 16:49:46.892 UTC [5953] LOG:  checkpoint complete: wrote 56 buffers (1.4%), wrote 3 SLRU buffers; 0 WAL file(s) added, 0 removed, 0 recycled; write=0.006 s, sync=0.003 s, total=0.011 s; sync files=23, longest=0.002 s, average=0.001 s; distance=4469 kB, estimate=4469 kB; lsn=0/1B4CD70, redo lsn=0/1B4CD18\n2026-09-27 16:49:46.974 UTC [5947] LOG:  received fast shutdown request\n2026-09-27 16:49:46.975 UTC [5947] LOG:  aborting any active transactions\n2026-09-27 16:49:46.976 UTC [5947] LOG:  background worker \"logical replication launcher\" (PID 5958) exited with exit code 1\n2026-09-27 16:49:46.976 UTC [5953] LOG:  shutting down\n2026-09-27 16:49:46.977 UTC [5953] LOG:  checkpoint starting: shutdown immediate\n2026-09-27 16:49:46.982 UTC [5953] LOG:  checkpoint complete: wrote 0 buffers (0.0%), wrote 1 SLRU buffers; 0 WAL file(s) added, 0 removed, 0 recycled; write=0.001 s, sync=0.001 s, total=0.006 s; sync files=1, longest=0.001 s, average=0.001 s; distance=0 kB, estimate=4022 kB; lsn=0/1B4CED0, redo lsn=0/1B4CED0\n2026-09-27 16:49:46.990 UTC [5947] LOG:  database system is shut down\n"}
{"type": "log", "stage": "odbc_fixture", "time_utc": "2026-09-27T16:49:47.132158+00:00", "label": "private-headless-x", "message": "_XSERVTransmkdir: ERROR: euid != 0,directory /tmp/.X11-unix will not be created.\n\nXvnc TigerVNC 1.12.0 - built 2023-01-06 16:01\nCopyright (C) 1999-2021 TigerVNC Team and many others (see README.rst)\nSee https://www.tigervnc.org for information on TigerVNC.\nUnderlying X server release 12101006, X.Org\n\n\nSun Sep 27 16:45:04 2026\n vncext:      VNC extension running!\n vncext:      Listening for VNC connections on\n              /state/diagnostic/runtime/vnc.sock (mode 0600)\n vncext:      created VNC server for screen 0\n[mi] mieq: warning: overriding existing handler (nil) with 0x300015ad10 for event 2\n[mi] mieq: warning: overriding existing handler (nil) with 0x300015ad10 for event 3\n\nSun Sep 27 16:49:47 2026\n ComparingUpdateTracker: 0 pixels in / 0 pixels out\n ComparingUpdateTracker: (1:nan ratio)\n"}
{"type": "result", "stage": "odbc_fixture", "time_utc": "2026-09-27T16:49:47.134559+00:00", "status": "failed", "passed": false, "report": "/state/latest-report.json", "failures": ["odbc-fixture timed out"]}
